2026-02-12 13:43:54.760 [main] INFO  com.han.PetcareManagementPlatformApplication-Starting PetcareManagementPlatformApplication using Java 19.0.2 with PID 15915 (/Users/hanlinyao/Desktop/petcare-management/petcare-management-platform/target/classes started by hanlinyao in /Users/hanlinyao/Desktop/petcare-management/petcare-management-platform)
2026-02-12 13:43:54.761 [main] INFO  com.han.PetcareManagementPlatformApplication-No active profile set, falling back to 1 default profile: "default"
2026-02-12 13:43:55.314 [main] INFO  o.s.boot.web.embedded.tomcat.TomcatWebServer-Tomcat initialized with port 8080 (http)
2026-02-12 13:43:55.326 [main] INFO  org.apache.coyote.http11.Http11NioProtocol-Initializing ProtocolHandler ["http-nio-8080"]
2026-02-12 13:43:55.327 [main] INFO  org.apache.catalina.core.StandardService-Starting service [Tomcat]
2026-02-12 13:43:55.327 [main] INFO  org.apache.catalina.core.StandardEngine-Starting Servlet engine: [Apache Tomcat/10.1.50]
2026-02-12 13:43:55.390 [main] INFO  o.a.c.core.ContainerBase.[Tomcat].[localhost].[/]-Initializing Spring embedded WebApplicationContext
2026-02-12 13:43:55.390 [main] INFO  o.s.b.w.s.c.ServletWebServerApplicationContext-Root WebApplicationContext: initialization completed in 612 ms
2026-02-12 13:43:55.729 [main] INFO  org.apache.coyote.http11.Http11NioProtocol-Starting ProtocolHandler ["http-nio-8080"]
2026-02-12 13:43:55.743 [main] INFO  o.s.boot.web.embedded.tomcat.TomcatWebServer-Tomcat started on port 8080 (http) with context path '/'
2026-02-12 13:43:55.752 [main] INFO  com.han.PetcareManagementPlatformApplication-Started PetcareManagementPlatformApplication in 1.171 seconds (process running for 3.059)
2026-02-12 13:52:28.064 [http-nio-8080-exec-2] INFO  o.a.c.core.ContainerBase.[Tomcat].[localhost].[/]-Initializing Spring DispatcherServlet 'dispatcherServlet'
2026-02-12 13:52:28.067 [http-nio-8080-exec-2] INFO  org.springframework.web.servlet.DispatcherServlet-Initializing Servlet 'dispatcherServlet'
2026-02-12 13:52:28.076 [http-nio-8080-exec-2] INFO  org.springframework.web.servlet.DispatcherServlet-Completed initialization in 9 ms
2026-02-12 13:52:28.169 [http-nio-8080-exec-2] INFO  com.han.controller.EmpController-保存员工:Emp(id=null, username=jennie, password=null, name=jennie, gender=19, phone=null, job=4, salary=6800, image=https://loremflickr.com/400/400?lock=7449236878053323, entryDate=2026-01-05, deptId=1, createTime=null, updateTime=null, deptName=null, exprList=[EmpExpr(id=null, empId=null, begin=1992-09-15, end=1963-11-08, company=Duis velit ea, job=id deserunt ad), EmpExpr(id=null, empId=null, begin=1962-05-20, end=2008-10-17, company=ullamco eli, job=q), EmpExpr(id=null, empId=null, begin=2014-04-08, end=2007-05-09, company=labore aliqua sit, job=exercitation mollit)])
2026-02-12 13:53:17.566 [http-nio-8080-exec-2] INFO  com.zaxxer.hikari.HikariDataSource-HikariPool-1 - Starting...
2026-02-12 13:53:17.798 [http-nio-8080-exec-2] INFO  com.zaxxer.hikari.pool.HikariPool-HikariPool-1 - Added connection com.mysql.cj.jdbc.ConnectionImpl@4566d74a
2026-02-12 13:53:17.799 [http-nio-8080-exec-2] INFO  com.zaxxer.hikari.HikariDataSource-HikariPool-1 - Start completed.
2026-02-12 13:53:17.948 [http-nio-8080-exec-2] ERROR o.a.c.c.C.[.[localhost].[/].[dispatcherServlet]-Servlet.service() for servlet [dispatcherServlet] in context with path [] threw exception [Request processing failed: org.springframework.dao.DataIntegrityViolationException: 
### Error updating database.  Cause: java.sql.SQLIntegrityConstraintViolationException: Column 'phone' cannot be null
### The error may exist in com/han/mapper/EmpMapper.java (best guess)
### The error may involve com.han.mapper.EmpMapper.insert-Inline
### The error occurred while setting parameters
### SQL: insert into emp(username,password,name,gender,phone,job,salary,image,entry_date,dept_id) values(?,?,?,?,?,?,?,?,?,?)
### Cause: java.sql.SQLIntegrityConstraintViolationException: Column 'phone' cannot be null
; Column 'phone' cannot be null] with root cause
java.sql.SQLIntegrityConstraintViolationException: Column 'phone' cannot be null
	at com.mysql.cj.jdbc.exceptions.SQLError.createSQLException(SQLError.java:109)
	at com.mysql.cj.jdbc.exceptions.SQLExceptionsMapping.translateException(SQLExceptionsMapping.java:114)
	at com.mysql.cj.jdbc.ClientPreparedStatement.executeInternal(ClientPreparedStatement.java:988)
	at com.mysql.cj.jdbc.ClientPreparedStatement.execute(ClientPreparedStatement.java:383)
	at com.zaxxer.hikari.pool.ProxyPreparedStatement.execute(ProxyPreparedStatement.java:44)
	at com.zaxxer.hikari.pool.HikariProxyPreparedStatement.execute(HikariProxyPreparedStatement.java)
	at java.base/jdk.internal.reflect.DirectMethodHandleAccessor.invoke(DirectMethodHandleAccessor.java:104)
	at java.base/java.lang.reflect.Method.invoke(Method.java:578)
	at org.apache.ibatis.logging.jdbc.PreparedStatementLogger.invoke(PreparedStatementLogger.java:58)
	at jdk.proxy3/jdk.proxy3.$Proxy87.execute(Unknown Source)
	at org.apache.ibatis.executor.statement.PreparedStatementHandler.update(PreparedStatementHandler.java:48)
	at org.apache.ibatis.executor.statement.RoutingStatementHandler.update(RoutingStatementHandler.java:75)
	at org.apache.ibatis.executor.SimpleExecutor.doUpdate(SimpleExecutor.java:50)
	at org.apache.ibatis.executor.BaseExecutor.update(BaseExecutor.java:117)
	at org.apache.ibatis.executor.CachingExecutor.update(CachingExecutor.java:76)
	at java.base/jdk.internal.reflect.DirectMethodHandleAccessor.invoke(DirectMethodHandleAccessor.java:104)
	at java.base/java.lang.reflect.Method.invoke(Method.java:578)
	at org.apache.ibatis.plugin.Plugin.invoke(Plugin.java:61)
	at jdk.proxy2/jdk.proxy2.$Proxy85.update(Unknown Source)
	at org.apache.ibatis.session.defaults.DefaultSqlSession.update(DefaultSqlSession.java:197)
	at org.apache.ibatis.session.defaults.DefaultSqlSession.insert(DefaultSqlSession.java:184)
	at java.base/jdk.internal.reflect.DirectMethodHandleAccessor.invoke(DirectMethodHandleAccessor.java:104)
	at java.base/java.lang.reflect.Method.invoke(Method.java:578)
	at org.mybatis.spring.SqlSessionTemplate$SqlSessionInterceptor.invoke(SqlSessionTemplate.java:333)
	at jdk.proxy2/jdk.proxy2.$Proxy67.insert(Unknown Source)
	at org.mybatis.spring.SqlSessionTemplate.insert(SqlSessionTemplate.java:224)
	at org.apache.ibatis.binding.MapperMethod.execute(MapperMethod.java:62)
	at org.apache.ibatis.binding.MapperProxy$PlainMethodInvoker.invoke(MapperProxy.java:141)
	at org.apache.ibatis.binding.MapperProxy.invoke(MapperProxy.java:86)
	at jdk.proxy2/jdk.proxy2.$Proxy74.insert(Unknown Source)
	at com.han.service.impl.EmpServiceImpl.add(EmpServiceImpl.java:43)
	at com.han.controller.EmpController.save(EmpController.java:33)
	at java.base/jdk.internal.reflect.DirectMethodHandleAccessor.invoke(DirectMethodHandleAccessor.java:104)
	at java.base/java.lang.reflect.Method.invoke(Method.java:578)
	at org.springframework.web.method.support.InvocableHandlerMethod.doInvoke(InvocableHandlerMethod.java:258)
	at org.springframework.web.method.support.InvocableHandlerMethod.invokeForRequest(InvocableHandlerMethod.java:191)
	at org.springframework.web.servlet.mvc.method.annotation.ServletInvocableHandlerMethod.invokeAndHandle(ServletInvocableHandlerMethod.java:118)
	at org.springframework.web.servlet.mvc.method.annotation.RequestMappingHandlerAdapter.invokeHandlerMethod(RequestMappingHandlerAdapter.java:991)
	at org.springframework.web.servlet.mvc.method.annotation.RequestMappingHandlerAdapter.handleInternal(RequestMappingHandlerAdapter.java:896)
	at org.springframework.web.servlet.mvc.method.AbstractHandlerMethodAdapter.handle(AbstractHandlerMethodAdapter.java:87)
	at org.springframework.web.servlet.DispatcherServlet.doDispatch(DispatcherServlet.java:1089)
	at org.springframework.web.servlet.DispatcherServlet.doService(DispatcherServlet.java:979)
	at org.springframework.web.servlet.FrameworkServlet.processRequest(FrameworkServlet.java:1014)
	at org.springframework.web.servlet.FrameworkServlet.doPost(FrameworkServlet.java:914)
	at jakarta.servlet.http.HttpServlet.service(HttpServlet.java:590)
	at org.springframework.web.servlet.FrameworkServlet.service(FrameworkServlet.java:885)
	at jakarta.servlet.http.HttpServlet.service(HttpServlet.java:658)
	at org.apache.catalina.core.ApplicationFilterChain.internalDoFilter(ApplicationFilterChain.java:193)
	at org.apache.catalina.core.ApplicationFilterChain.doFilter(ApplicationFilterChain.java:138)
	at org.apache.tomcat.websocket.server.WsFilter.doFilter(WsFilter.java:51)
	at org.apache.catalina.core.ApplicationFilterChain.internalDoFilter(ApplicationFilterChain.java:162)
	at org.apache.catalina.core.ApplicationFilterChain.doFilter(ApplicationFilterChain.java:138)
	at org.springframework.web.filter.RequestContextFilter.doFilterInternal(RequestContextFilter.java:100)
	at org.springframework.web.filter.OncePerRequestFilter.doFilter(OncePerRequestFilter.java:116)
	at org.apache.catalina.core.ApplicationFilterChain.internalDoFilter(ApplicationFilterChain.java:162)
	at org.apache.catalina.core.ApplicationFilterChain.doFilter(ApplicationFilterChain.java:138)
	at org.springframework.web.filter.FormContentFilter.doFilterInternal(FormContentFilter.java:93)
	at org.springframework.web.filter.OncePerRequestFilter.doFilter(OncePerRequestFilter.java:116)
	at org.apache.catalina.core.ApplicationFilterChain.internalDoFilter(ApplicationFilterChain.java:162)
	at org.apache.catalina.core.ApplicationFilterChain.doFilter(ApplicationFilterChain.java:138)
	at org.springframework.web.filter.CharacterEncodingFilter.doFilterInternal(CharacterEncodingFilter.java:201)
	at org.springframework.web.filter.OncePerRequestFilter.doFilter(OncePerRequestFilter.java:116)
	at org.apache.catalina.core.ApplicationFilterChain.internalDoFilter(ApplicationFilterChain.java:162)
	at org.apache.catalina.core.ApplicationFilterChain.doFilter(ApplicationFilterChain.java:138)
	at org.apache.catalina.core.StandardWrapperValve.invoke(StandardWrapperValve.java:165)
	at org.apache.catalina.core.StandardContextValve.invoke(StandardContextValve.java:88)
	at org.apache.catalina.authenticator.AuthenticatorBase.invoke(AuthenticatorBase.java:482)
	at org.apache.catalina.core.StandardHostValve.invoke(StandardHostValve.java:113)
	at org.apache.catalina.valves.ErrorReportValve.invoke(ErrorReportValve.java:83)
	at org.apache.catalina.core.StandardEngineValve.invoke(StandardEngineValve.java:72)
	at org.apache.catalina.connector.CoyoteAdapter.service(CoyoteAdapter.java:342)
	at org.apache.coyote.http11.Http11Processor.service(Http11Processor.java:399)
	at org.apache.coyote.AbstractProcessorLight.process(AbstractProcessorLight.java:63)
	at org.apache.coyote.AbstractProtocol$ConnectionHandler.process(AbstractProtocol.java:903)
	at org.apache.tomcat.util.net.NioEndpoint$SocketProcessor.doRun(NioEndpoint.java:1774)
	at org.apache.tomcat.util.net.SocketProcessorBase.run(SocketProcessorBase.java:52)
	at org.apache.tomcat.util.threads.ThreadPoolExecutor.runWorker(ThreadPoolExecutor.java:973)
	at org.apache.tomcat.util.threads.ThreadPoolExecutor$Worker.run(ThreadPoolExecutor.java:491)
	at org.apache.tomcat.util.threads.TaskThread$WrappingRunnable.run(TaskThread.java:63)
	at java.base/java.lang.Thread.run(Thread.java:1589)
2026-02-12 13:53:31.938 [SpringApplicationShutdownHook] INFO  o.s.boot.web.embedded.tomcat.GracefulShutdown-Commencing graceful shutdown. Waiting for active requests to complete
2026-02-12 13:53:31.948 [tomcat-shutdown] INFO  o.s.boot.web.embedded.tomcat.GracefulShutdown-Graceful shutdown complete
2026-02-12 13:53:31.952 [SpringApplicationShutdownHook] INFO  com.zaxxer.hikari.HikariDataSource-HikariPool-1 - Shutdown initiated...
2026-02-12 13:53:31.959 [SpringApplicationShutdownHook] INFO  com.zaxxer.hikari.HikariDataSource-HikariPool-1 - Shutdown completed.
2026-02-12 13:53:34.738 [main] INFO  com.han.PetcareManagementPlatformApplication-Starting PetcareManagementPlatformApplication using Java 19.0.2 with PID 16130 (/Users/hanlinyao/Desktop/petcare-management/petcare-management-platform/target/classes started by hanlinyao in /Users/hanlinyao/Desktop/petcare-management/petcare-management-platform)
2026-02-12 13:53:34.739 [main] INFO  com.han.PetcareManagementPlatformApplication-No active profile set, falling back to 1 default profile: "default"
2026-02-12 13:53:35.172 [main] INFO  o.s.boot.web.embedded.tomcat.TomcatWebServer-Tomcat initialized with port 8080 (http)
2026-02-12 13:53:35.178 [main] INFO  org.apache.coyote.http11.Http11NioProtocol-Initializing ProtocolHandler ["http-nio-8080"]
2026-02-12 13:53:35.179 [main] INFO  org.apache.catalina.core.StandardService-Starting service [Tomcat]
2026-02-12 13:53:35.179 [main] INFO  org.apache.catalina.core.StandardEngine-Starting Servlet engine: [Apache Tomcat/10.1.50]
2026-02-12 13:53:35.198 [main] INFO  o.a.c.core.ContainerBase.[Tomcat].[localhost].[/]-Initializing Spring embedded WebApplicationContext
2026-02-12 13:53:35.198 [main] INFO  o.s.b.w.s.c.ServletWebServerApplicationContext-Root WebApplicationContext: initialization completed in 441 ms
2026-02-12 13:53:35.474 [main] INFO  org.apache.coyote.http11.Http11NioProtocol-Starting ProtocolHandler ["http-nio-8080"]
2026-02-12 13:53:35.484 [main] INFO  o.s.boot.web.embedded.tomcat.TomcatWebServer-Tomcat started on port 8080 (http) with context path '/'
2026-02-12 13:53:35.489 [main] INFO  com.han.PetcareManagementPlatformApplication-Started PetcareManagementPlatformApplication in 0.926 seconds (process running for 2.482)
2026-02-12 13:54:44.396 [http-nio-8080-exec-1] INFO  o.a.c.core.ContainerBase.[Tomcat].[localhost].[/]-Initializing Spring DispatcherServlet 'dispatcherServlet'
2026-02-12 13:54:44.397 [http-nio-8080-exec-1] INFO  org.springframework.web.servlet.DispatcherServlet-Initializing Servlet 'dispatcherServlet'
2026-02-12 13:54:44.400 [http-nio-8080-exec-1] INFO  org.springframework.web.servlet.DispatcherServlet-Completed initialization in 2 ms
2026-02-12 13:57:02.115 [http-nio-8080-exec-6] INFO  com.han.controller.EmpController-保存员工:Emp(id=null, username=jennie, password=null, name=jennie, gender=19, phone=null, job=4, salary=6800, image=https://loremflickr.com/400/400?lock=7449236878053323, entryDate=2026-01-05, deptId=1, createTime=null, updateTime=null, deptName=null, exprList=[EmpExpr(id=null, empId=null, begin=1992-09-15, end=1963-11-08, company=Duis velit ea, job=id deserunt ad), EmpExpr(id=null, empId=null, begin=1962-05-20, end=2008-10-17, company=ullamco eli, job=q), EmpExpr(id=null, empId=null, begin=2014-04-08, end=2007-05-09, company=labore aliqua sit, job=exercitation mollit)])
2026-02-12 13:57:02.155 [http-nio-8080-exec-6] INFO  com.zaxxer.hikari.HikariDataSource-HikariPool-1 - Starting...
2026-02-12 13:57:02.348 [http-nio-8080-exec-6] INFO  com.zaxxer.hikari.pool.HikariPool-HikariPool-1 - Added connection com.mysql.cj.jdbc.ConnectionImpl@77c04633
2026-02-12 13:57:02.355 [http-nio-8080-exec-6] INFO  com.zaxxer.hikari.HikariDataSource-HikariPool-1 - Start completed.
2026-02-12 13:57:02.520 [http-nio-8080-exec-6] ERROR o.a.c.c.C.[.[localhost].[/].[dispatcherServlet]-Servlet.service() for servlet [dispatcherServlet] in context with path [] threw exception [Request processing failed: org.springframework.dao.DataIntegrityViolationException: 
### Error updating database.  Cause: java.sql.SQLIntegrityConstraintViolationException: Column 'phone' cannot be null
### The error may exist in com/han/mapper/EmpMapper.java (best guess)
### The error may involve com.han.mapper.EmpMapper.insert-Inline
### The error occurred while setting parameters
### SQL: insert into emp(username,password,name,gender,phone,job,salary,image,entry_date,dept_id) values(?,?,?,?,?,?,?,?,?,?)
### Cause: java.sql.SQLIntegrityConstraintViolationException: Column 'phone' cannot be null
; Column 'phone' cannot be null] with root cause
java.sql.SQLIntegrityConstraintViolationException: Column 'phone' cannot be null
	at com.mysql.cj.jdbc.exceptions.SQLError.createSQLException(SQLError.java:109)
	at com.mysql.cj.jdbc.exceptions.SQLExceptionsMapping.translateException(SQLExceptionsMapping.java:114)
	at com.mysql.cj.jdbc.ClientPreparedStatement.executeInternal(ClientPreparedStatement.java:988)
	at com.mysql.cj.jdbc.ClientPreparedStatement.execute(ClientPreparedStatement.java:383)
	at com.zaxxer.hikari.pool.ProxyPreparedStatement.execute(ProxyPreparedStatement.java:44)
	at com.zaxxer.hikari.pool.HikariProxyPreparedStatement.execute(HikariProxyPreparedStatement.java)
	at java.base/jdk.internal.reflect.DirectMethodHandleAccessor.invoke(DirectMethodHandleAccessor.java:104)
	at java.base/java.lang.reflect.Method.invoke(Method.java:578)
	at org.apache.ibatis.logging.jdbc.PreparedStatementLogger.invoke(PreparedStatementLogger.java:58)
	at jdk.proxy3/jdk.proxy3.$Proxy87.execute(Unknown Source)
	at org.apache.ibatis.executor.statement.PreparedStatementHandler.update(PreparedStatementHandler.java:48)
	at org.apache.ibatis.executor.statement.RoutingStatementHandler.update(RoutingStatementHandler.java:75)
	at org.apache.ibatis.executor.SimpleExecutor.doUpdate(SimpleExecutor.java:50)
	at org.apache.ibatis.executor.BaseExecutor.update(BaseExecutor.java:117)
	at org.apache.ibatis.executor.CachingExecutor.update(CachingExecutor.java:76)
	at java.base/jdk.internal.reflect.DirectMethodHandleAccessor.invoke(DirectMethodHandleAccessor.java:104)
	at java.base/java.lang.reflect.Method.invoke(Method.java:578)
	at org.apache.ibatis.plugin.Plugin.invoke(Plugin.java:61)
	at jdk.proxy2/jdk.proxy2.$Proxy85.update(Unknown Source)
	at org.apache.ibatis.session.defaults.DefaultSqlSession.update(DefaultSqlSession.java:197)
	at org.apache.ibatis.session.defaults.DefaultSqlSession.insert(DefaultSqlSession.java:184)
	at java.base/jdk.internal.reflect.DirectMethodHandleAccessor.invoke(DirectMethodHandleAccessor.java:104)
	at java.base/java.lang.reflect.Method.invoke(Method.java:578)
	at org.mybatis.spring.SqlSessionTemplate$SqlSessionInterceptor.invoke(SqlSessionTemplate.java:333)
	at jdk.proxy2/jdk.proxy2.$Proxy67.insert(Unknown Source)
	at org.mybatis.spring.SqlSessionTemplate.insert(SqlSessionTemplate.java:224)
	at org.apache.ibatis.binding.MapperMethod.execute(MapperMethod.java:62)
	at org.apache.ibatis.binding.MapperProxy$PlainMethodInvoker.invoke(MapperProxy.java:141)
	at org.apache.ibatis.binding.MapperProxy.invoke(MapperProxy.java:86)
	at jdk.proxy2/jdk.proxy2.$Proxy74.insert(Unknown Source)
	at com.han.service.impl.EmpServiceImpl.add(EmpServiceImpl.java:43)
	at com.han.controller.EmpController.save(EmpController.java:33)
	at java.base/jdk.internal.reflect.DirectMethodHandleAccessor.invoke(DirectMethodHandleAccessor.java:104)
	at java.base/java.lang.reflect.Method.invoke(Method.java:578)
	at org.springframework.web.method.support.InvocableHandlerMethod.doInvoke(InvocableHandlerMethod.java:258)
	at org.springframework.web.method.support.InvocableHandlerMethod.invokeForRequest(InvocableHandlerMethod.java:191)
	at org.springframework.web.servlet.mvc.method.annotation.ServletInvocableHandlerMethod.invokeAndHandle(ServletInvocableHandlerMethod.java:118)
	at org.springframework.web.servlet.mvc.method.annotation.RequestMappingHandlerAdapter.invokeHandlerMethod(RequestMappingHandlerAdapter.java:991)
	at org.springframework.web.servlet.mvc.method.annotation.RequestMappingHandlerAdapter.handleInternal(RequestMappingHandlerAdapter.java:896)
	at org.springframework.web.servlet.mvc.method.AbstractHandlerMethodAdapter.handle(AbstractHandlerMethodAdapter.java:87)
	at org.springframework.web.servlet.DispatcherServlet.doDispatch(DispatcherServlet.java:1089)
	at org.springframework.web.servlet.DispatcherServlet.doService(DispatcherServlet.java:979)
	at org.springframework.web.servlet.FrameworkServlet.processRequest(FrameworkServlet.java:1014)
	at org.springframework.web.servlet.FrameworkServlet.doPost(FrameworkServlet.java:914)
	at jakarta.servlet.http.HttpServlet.service(HttpServlet.java:590)
	at org.springframework.web.servlet.FrameworkServlet.service(FrameworkServlet.java:885)
	at jakarta.servlet.http.HttpServlet.service(HttpServlet.java:658)
	at org.apache.catalina.core.ApplicationFilterChain.internalDoFilter(ApplicationFilterChain.java:193)
	at org.apache.catalina.core.ApplicationFilterChain.doFilter(ApplicationFilterChain.java:138)
	at org.apache.tomcat.websocket.server.WsFilter.doFilter(WsFilter.java:51)
	at org.apache.catalina.core.ApplicationFilterChain.internalDoFilter(ApplicationFilterChain.java:162)
	at org.apache.catalina.core.ApplicationFilterChain.doFilter(ApplicationFilterChain.java:138)
	at org.springframework.web.filter.RequestContextFilter.doFilterInternal(RequestContextFilter.java:100)
	at org.springframework.web.filter.OncePerRequestFilter.doFilter(OncePerRequestFilter.java:116)
	at org.apache.catalina.core.ApplicationFilterChain.internalDoFilter(ApplicationFilterChain.java:162)
	at org.apache.catalina.core.ApplicationFilterChain.doFilter(ApplicationFilterChain.java:138)
	at org.springframework.web.filter.FormContentFilter.doFilterInternal(FormContentFilter.java:93)
	at org.springframework.web.filter.OncePerRequestFilter.doFilter(OncePerRequestFilter.java:116)
	at org.apache.catalina.core.ApplicationFilterChain.internalDoFilter(ApplicationFilterChain.java:162)
	at org.apache.catalina.core.ApplicationFilterChain.doFilter(ApplicationFilterChain.java:138)
	at org.springframework.web.filter.CharacterEncodingFilter.doFilterInternal(CharacterEncodingFilter.java:201)
	at org.springframework.web.filter.OncePerRequestFilter.doFilter(OncePerRequestFilter.java:116)
	at org.apache.catalina.core.ApplicationFilterChain.internalDoFilter(ApplicationFilterChain.java:162)
	at org.apache.catalina.core.ApplicationFilterChain.doFilter(ApplicationFilterChain.java:138)
	at org.apache.catalina.core.StandardWrapperValve.invoke(StandardWrapperValve.java:165)
	at org.apache.catalina.core.StandardContextValve.invoke(StandardContextValve.java:88)
	at org.apache.catalina.authenticator.AuthenticatorBase.invoke(AuthenticatorBase.java:482)
	at org.apache.catalina.core.StandardHostValve.invoke(StandardHostValve.java:113)
	at org.apache.catalina.valves.ErrorReportValve.invoke(ErrorReportValve.java:83)
	at org.apache.catalina.core.StandardEngineValve.invoke(StandardEngineValve.java:72)
	at org.apache.catalina.connector.CoyoteAdapter.service(CoyoteAdapter.java:342)
	at org.apache.coyote.http11.Http11Processor.service(Http11Processor.java:399)
	at org.apache.coyote.AbstractProcessorLight.process(AbstractProcessorLight.java:63)
	at org.apache.coyote.AbstractProtocol$ConnectionHandler.process(AbstractProtocol.java:903)
	at org.apache.tomcat.util.net.NioEndpoint$SocketProcessor.doRun(NioEndpoint.java:1774)
	at org.apache.tomcat.util.net.SocketProcessorBase.run(SocketProcessorBase.java:52)
	at org.apache.tomcat.util.threads.ThreadPoolExecutor.runWorker(ThreadPoolExecutor.java:973)
	at org.apache.tomcat.util.threads.ThreadPoolExecutor$Worker.run(ThreadPoolExecutor.java:491)
	at org.apache.tomcat.util.threads.TaskThread$WrappingRunnable.run(TaskThread.java:63)
	at java.base/java.lang.Thread.run(Thread.java:1589)
2026-02-12 14:00:06.521 [http-nio-8080-exec-7] INFO  com.han.controller.EmpController-保存员工:Emp(id=null, username=jennie, password=null, name=jennie, gender=19, phone=13800000000, job=4, salary=6800, image=https://loremflickr.com/400/400?lock=7449236878053323, entryDate=2026-01-05, deptId=1, createTime=null, updateTime=null, deptName=null, exprList=[EmpExpr(id=null, empId=null, begin=2013-09-15, end=2015-11-08, company=Duis velit ea, job=id deserunt ad), EmpExpr(id=null, empId=null, begin=2016-05-20, end=2017-10-17, company=ullamco eli, job=q), EmpExpr(id=null, empId=null, begin=2018-04-08, end=2019-05-09, company=labore aliqua sit, job=exercitation mollit)])
2026-02-12 14:15:36.521 [SpringApplicationShutdownHook] INFO  o.s.boot.web.embedded.tomcat.GracefulShutdown-Commencing graceful shutdown. Waiting for active requests to complete
2026-02-12 14:15:36.752 [tomcat-shutdown] INFO  o.s.boot.web.embedded.tomcat.GracefulShutdown-Graceful shutdown complete
2026-02-12 14:15:36.836 [SpringApplicationShutdownHook] INFO  com.zaxxer.hikari.HikariDataSource-HikariPool-1 - Shutdown initiated...
2026-02-12 14:15:36.995 [SpringApplicationShutdownHook] INFO  com.zaxxer.hikari.HikariDataSource-HikariPool-1 - Shutdown completed.
2026-02-12 14:32:53.846 [main] INFO  com.han.PetcareManagementPlatformApplication-Starting PetcareManagementPlatformApplication using Java 19.0.2 with PID 17000 (/Users/hanlinyao/Desktop/petcare-management/petcare-management-platform/target/classes started by hanlinyao in /Users/hanlinyao/Desktop/petcare-management/petcare-management-platform)
2026-02-12 14:32:53.855 [main] INFO  com.han.PetcareManagementPlatformApplication-No active profile set, falling back to 1 default profile: "default"
2026-02-12 14:32:54.567 [main] INFO  o.s.boot.web.embedded.tomcat.TomcatWebServer-Tomcat initialized with port 8080 (http)
2026-02-12 14:32:54.574 [main] INFO  org.apache.coyote.http11.Http11NioProtocol-Initializing ProtocolHandler ["http-nio-8080"]
2026-02-12 14:32:54.575 [main] INFO  org.apache.catalina.core.StandardService-Starting service [Tomcat]
2026-02-12 14:32:54.575 [main] INFO  org.apache.catalina.core.StandardEngine-Starting Servlet engine: [Apache Tomcat/10.1.50]
2026-02-12 14:32:54.602 [main] INFO  o.a.c.core.ContainerBase.[Tomcat].[localhost].[/]-Initializing Spring embedded WebApplicationContext
2026-02-12 14:32:54.602 [main] INFO  o.s.b.w.s.c.ServletWebServerApplicationContext-Root WebApplicationContext: initialization completed in 711 ms
2026-02-12 14:32:54.952 [main] INFO  org.apache.coyote.http11.Http11NioProtocol-Starting ProtocolHandler ["http-nio-8080"]
2026-02-12 14:32:54.963 [main] INFO  o.s.boot.web.embedded.tomcat.TomcatWebServer-Tomcat started on port 8080 (http) with context path '/'
2026-02-12 14:32:54.969 [main] INFO  com.han.PetcareManagementPlatformApplication-Started PetcareManagementPlatformApplication in 1.323 seconds (process running for 3.165)
2026-02-12 14:42:38.218 [SpringApplicationShutdownHook] INFO  o.s.boot.web.embedded.tomcat.GracefulShutdown-Commencing graceful shutdown. Waiting for active requests to complete
2026-02-12 14:42:38.255 [tomcat-shutdown] INFO  o.s.boot.web.embedded.tomcat.GracefulShutdown-Graceful shutdown complete
2026-02-12 16:03:06.599 [main] INFO  com.han.PetcareManagementPlatformApplication-Starting PetcareManagementPlatformApplication using Java 19.0.2 with PID 18989 (/Users/hanlinyao/Desktop/petcare-management/petcare-management-platform/target/classes started by hanlinyao in /Users/hanlinyao/Desktop/petcare-management/petcare-management-platform)
2026-02-12 16:03:06.603 [main] INFO  com.han.PetcareManagementPlatformApplication-No active profile set, falling back to 1 default profile: "default"
2026-02-12 16:03:07.147 [main] INFO  o.s.boot.web.embedded.tomcat.TomcatWebServer-Tomcat initialized with port 8080 (http)
2026-02-12 16:03:07.154 [main] INFO  org.apache.coyote.http11.Http11NioProtocol-Initializing ProtocolHandler ["http-nio-8080"]
2026-02-12 16:03:07.155 [main] INFO  org.apache.catalina.core.StandardService-Starting service [Tomcat]
2026-02-12 16:03:07.155 [main] INFO  org.apache.catalina.core.StandardEngine-Starting Servlet engine: [Apache Tomcat/10.1.50]
2026-02-12 16:03:07.175 [main] INFO  o.a.c.core.ContainerBase.[Tomcat].[localhost].[/]-Initializing Spring embedded WebApplicationContext
2026-02-12 16:03:07.175 [main] INFO  o.s.b.w.s.c.ServletWebServerApplicationContext-Root WebApplicationContext: initialization completed in 546 ms
2026-02-12 16:03:07.597 [main] INFO  org.apache.coyote.http11.Http11NioProtocol-Starting ProtocolHandler ["http-nio-8080"]
2026-02-12 16:03:07.610 [main] INFO  o.s.boot.web.embedded.tomcat.TomcatWebServer-Tomcat started on port 8080 (http) with context path '/'
2026-02-12 16:03:07.617 [main] INFO  com.han.PetcareManagementPlatformApplication-Started PetcareManagementPlatformApplication in 1.241 seconds (process running for 3.584)
2026-02-12 16:03:52.164 [http-nio-8080-exec-1] INFO  o.a.c.core.ContainerBase.[Tomcat].[localhost].[/]-Initializing Spring DispatcherServlet 'dispatcherServlet'
2026-02-12 16:03:52.165 [http-nio-8080-exec-1] INFO  org.springframework.web.servlet.DispatcherServlet-Initializing Servlet 'dispatcherServlet'
2026-02-12 16:03:52.168 [http-nio-8080-exec-1] INFO  org.springframework.web.servlet.DispatcherServlet-Completed initialization in 3 ms
2026-02-12 16:04:13.024 [SpringApplicationShutdownHook] INFO  o.s.boot.web.embedded.tomcat.GracefulShutdown-Commencing graceful shutdown. Waiting for active requests to complete
2026-02-12 16:04:13.046 [tomcat-shutdown] INFO  o.s.boot.web.embedded.tomcat.GracefulShutdown-Graceful shutdown complete
2026-02-12 16:04:24.640 [main] INFO  com.han.PetcareManagementPlatformApplication-Starting PetcareManagementPlatformApplication using Java 19.0.2 with PID 19002 (/Users/hanlinyao/Desktop/petcare-management/petcare-management-platform/target/classes started by hanlinyao in /Users/hanlinyao/Desktop/petcare-management/petcare-management-platform)
2026-02-12 16:04:24.641 [main] INFO  com.han.PetcareManagementPlatformApplication-No active profile set, falling back to 1 default profile: "default"
2026-02-12 16:04:25.097 [main] INFO  o.s.boot.web.embedded.tomcat.TomcatWebServer-Tomcat initialized with port 8080 (http)
2026-02-12 16:04:25.104 [main] INFO  org.apache.coyote.http11.Http11NioProtocol-Initializing ProtocolHandler ["http-nio-8080"]
2026-02-12 16:04:25.104 [main] INFO  org.apache.catalina.core.StandardService-Starting service [Tomcat]
2026-02-12 16:04:25.105 [main] INFO  org.apache.catalina.core.StandardEngine-Starting Servlet engine: [Apache Tomcat/10.1.50]
2026-02-12 16:04:25.129 [main] INFO  o.a.c.core.ContainerBase.[Tomcat].[localhost].[/]-Initializing Spring embedded WebApplicationContext
2026-02-12 16:04:25.129 [main] INFO  o.s.b.w.s.c.ServletWebServerApplicationContext-Root WebApplicationContext: initialization completed in 471 ms
2026-02-12 16:04:25.465 [main] INFO  org.apache.coyote.http11.Http11NioProtocol-Starting ProtocolHandler ["http-nio-8080"]
2026-02-12 16:04:25.473 [main] INFO  o.s.boot.web.embedded.tomcat.TomcatWebServer-Tomcat started on port 8080 (http) with context path '/'
2026-02-12 16:04:25.479 [main] INFO  com.han.PetcareManagementPlatformApplication-Started PetcareManagementPlatformApplication in 1.072 seconds (process running for 2.522)
2026-02-12 16:04:33.575 [http-nio-8080-exec-1] INFO  o.a.c.core.ContainerBase.[Tomcat].[localhost].[/]-Initializing Spring DispatcherServlet 'dispatcherServlet'
2026-02-12 16:04:33.576 [http-nio-8080-exec-1] INFO  org.springframework.web.servlet.DispatcherServlet-Initializing Servlet 'dispatcherServlet'
2026-02-12 16:04:33.577 [http-nio-8080-exec-1] INFO  org.springframework.web.servlet.DispatcherServlet-Completed initialization in 1 ms
2026-02-12 16:04:33.596 [http-nio-8080-exec-1] INFO  com.han.controller.DeptController-Query all departmental data
2026-02-12 16:04:33.616 [http-nio-8080-exec-1] INFO  com.zaxxer.hikari.HikariDataSource-HikariPool-1 - Starting...
2026-02-12 16:04:33.827 [http-nio-8080-exec-1] INFO  com.zaxxer.hikari.pool.HikariPool-HikariPool-1 - Added connection com.mysql.cj.jdbc.ConnectionImpl@307686ad
2026-02-12 16:04:33.831 [http-nio-8080-exec-1] INFO  com.zaxxer.hikari.HikariDataSource-HikariPool-1 - Start completed.
2026-02-12 16:04:57.841 [SpringApplicationShutdownHook] INFO  o.s.boot.web.embedded.tomcat.GracefulShutdown-Commencing graceful shutdown. Waiting for active requests to complete
2026-02-12 16:04:57.851 [tomcat-shutdown] INFO  o.s.boot.web.embedded.tomcat.GracefulShutdown-Graceful shutdown complete
2026-02-12 16:04:57.861 [SpringApplicationShutdownHook] INFO  com.zaxxer.hikari.HikariDataSource-HikariPool-1 - Shutdown initiated...
2026-02-12 16:04:57.879 [SpringApplicationShutdownHook] INFO  com.zaxxer.hikari.HikariDataSource-HikariPool-1 - Shutdown completed.
2026-02-12 16:05:07.287 [main] INFO  com.han.PetcareManagementPlatformApplication-Starting PetcareManagementPlatformApplication using Java 19.0.2 with PID 19022 (/Users/hanlinyao/Desktop/petcare-management/petcare-management-platform/target/classes started by hanlinyao in /Users/hanlinyao/Desktop/petcare-management/petcare-management-platform)
2026-02-12 16:05:07.287 [main] INFO  com.han.PetcareManagementPlatformApplication-No active profile set, falling back to 1 default profile: "default"
2026-02-12 16:05:07.748 [main] INFO  o.s.boot.web.embedded.tomcat.TomcatWebServer-Tomcat initialized with port 8080 (http)
2026-02-12 16:05:07.755 [main] INFO  org.apache.coyote.http11.Http11NioProtocol-Initializing ProtocolHandler ["http-nio-8080"]
2026-02-12 16:05:07.755 [main] INFO  org.apache.catalina.core.StandardService-Starting service [Tomcat]
2026-02-12 16:05:07.755 [main] INFO  org.apache.catalina.core.StandardEngine-Starting Servlet engine: [Apache Tomcat/10.1.50]
2026-02-12 16:05:07.773 [main] INFO  o.a.c.core.ContainerBase.[Tomcat].[localhost].[/]-Initializing Spring embedded WebApplicationContext
2026-02-12 16:05:07.773 [main] INFO  o.s.b.w.s.c.ServletWebServerApplicationContext-Root WebApplicationContext: initialization completed in 470 ms
2026-02-12 16:05:08.081 [main] INFO  org.apache.coyote.http11.Http11NioProtocol-Starting ProtocolHandler ["http-nio-8080"]
2026-02-12 16:05:08.090 [main] INFO  o.s.boot.web.embedded.tomcat.TomcatWebServer-Tomcat started on port 8080 (http) with context path '/'
2026-02-12 16:05:08.095 [main] INFO  com.han.PetcareManagementPlatformApplication-Started PetcareManagementPlatformApplication in 0.968 seconds (process running for 2.355)
2026-02-12 16:05:16.817 [http-nio-8080-exec-1] INFO  o.a.c.core.ContainerBase.[Tomcat].[localhost].[/]-Initializing Spring DispatcherServlet 'dispatcherServlet'
2026-02-12 16:05:16.818 [http-nio-8080-exec-1] INFO  org.springframework.web.servlet.DispatcherServlet-Initializing Servlet 'dispatcherServlet'
2026-02-12 16:05:16.819 [http-nio-8080-exec-1] INFO  org.springframework.web.servlet.DispatcherServlet-Completed initialization in 1 ms
2026-02-12 16:05:16.839 [http-nio-8080-exec-1] INFO  com.han.controller.DeptController-Query all departmental data
2026-02-12 16:05:16.860 [http-nio-8080-exec-1] INFO  com.zaxxer.hikari.HikariDataSource-HikariPool-1 - Starting...
2026-02-12 16:05:17.023 [http-nio-8080-exec-1] INFO  com.zaxxer.hikari.pool.HikariPool-HikariPool-1 - Added connection com.mysql.cj.jdbc.ConnectionImpl@307686ad
2026-02-12 16:05:17.026 [http-nio-8080-exec-1] INFO  com.zaxxer.hikari.HikariDataSource-HikariPool-1 - Start completed.
2026-02-12 16:05:20.832 [http-nio-8080-exec-2] INFO  com.han.controller.DeptController-Query all departmental data
2026-02-12 16:05:22.523 [http-nio-8080-exec-4] INFO  com.han.controller.DeptController-Query all departmental data
2026-02-12 16:05:23.479 [http-nio-8080-exec-3] INFO  com.han.controller.DeptController-Query all departmental data
2026-02-12 16:05:24.357 [http-nio-8080-exec-5] INFO  com.han.controller.DeptController-Query all departmental data
2026-02-12 16:05:25.192 [http-nio-8080-exec-6] INFO  com.han.controller.DeptController-Query all departmental data
2026-02-12 16:06:23.816 [http-nio-8080-exec-9] INFO  com.han.controller.DeptController-Query all departmental data
2026-02-12 16:06:26.035 [http-nio-8080-exec-8] INFO  com.han.controller.DeptController-Query all departmental data
2026-02-12 16:06:33.672 [http-nio-8080-exec-7] INFO  com.han.controller.EmpController-分页查询:EmpQueryParam(page=1, pageSize=10, name=, gender=null, begin=null, end=null)
2026-02-12 16:07:56.747 [http-nio-8080-exec-10] INFO  com.han.controller.EmpController-保存员工:Emp(id=null, username=lisa, password=null, name=lisa, gender=2, phone=13188933118, job=1, salary=3000, image=, entryDate=2026-02-12, deptId=null, createTime=null, updateTime=null, deptName=null, exprList=[])
2026-02-12 16:07:56.760 [http-nio-8080-exec-10] DEBUG o.s.jdbc.support.JdbcTransactionManager-Creating new transaction with name [com.han.service.impl.EmpServiceImpl.add]: PROPAGATION_REQUIRED,ISOLATION_DEFAULT,-java.lang.Exception
2026-02-12 16:07:56.775 [http-nio-8080-exec-10] DEBUG o.s.jdbc.support.JdbcTransactionManager-Acquired Connection [HikariProxyConnection@560172787 wrapping com.mysql.cj.jdbc.ConnectionImpl@307686ad] for JDBC transaction
2026-02-12 16:07:56.776 [http-nio-8080-exec-10] DEBUG o.s.jdbc.support.JdbcTransactionManager-Switching JDBC Connection [HikariProxyConnection@560172787 wrapping com.mysql.cj.jdbc.ConnectionImpl@307686ad] to manual commit
2026-02-12 16:07:56.861 [http-nio-8080-exec-10] DEBUG o.s.jdbc.support.JdbcTransactionManager-Suspending current transaction, creating new transaction with name [com.han.service.impl.EmpLogServiceImpl.insertLog]
2026-02-12 16:07:56.861 [http-nio-8080-exec-10] DEBUG o.s.jdbc.support.JdbcTransactionManager-Acquired Connection [HikariProxyConnection@723668746 wrapping com.mysql.cj.jdbc.ConnectionImpl@7299885a] for JDBC transaction
2026-02-12 16:07:56.862 [http-nio-8080-exec-10] DEBUG o.s.jdbc.support.JdbcTransactionManager-Switching JDBC Connection [HikariProxyConnection@723668746 wrapping com.mysql.cj.jdbc.ConnectionImpl@7299885a] to manual commit
2026-02-12 16:07:56.905 [http-nio-8080-exec-10] DEBUG o.s.jdbc.support.JdbcTransactionManager-Initiating transaction commit
2026-02-12 16:07:56.905 [http-nio-8080-exec-10] DEBUG o.s.jdbc.support.JdbcTransactionManager-Committing JDBC transaction on Connection [HikariProxyConnection@723668746 wrapping com.mysql.cj.jdbc.ConnectionImpl@7299885a]
2026-02-12 16:07:56.912 [http-nio-8080-exec-10] DEBUG o.s.jdbc.support.JdbcTransactionManager-Releasing JDBC Connection [HikariProxyConnection@723668746 wrapping com.mysql.cj.jdbc.ConnectionImpl@7299885a] after transaction
2026-02-12 16:07:56.912 [http-nio-8080-exec-10] DEBUG o.s.jdbc.support.JdbcTransactionManager-Resuming suspended transaction after completion of inner transaction
2026-02-12 16:07:56.912 [http-nio-8080-exec-10] DEBUG o.s.jdbc.support.JdbcTransactionManager-Initiating transaction commit
2026-02-12 16:07:56.912 [http-nio-8080-exec-10] DEBUG o.s.jdbc.support.JdbcTransactionManager-Committing JDBC transaction on Connection [HikariProxyConnection@560172787 wrapping com.mysql.cj.jdbc.ConnectionImpl@307686ad]
2026-02-12 16:07:56.913 [http-nio-8080-exec-10] DEBUG o.s.jdbc.support.JdbcTransactionManager-Releasing JDBC Connection [HikariProxyConnection@560172787 wrapping com.mysql.cj.jdbc.ConnectionImpl@307686ad] after transaction
2026-02-12 16:08:03.997 [http-nio-8080-exec-1] INFO  com.han.controller.EmpController-分页查询:EmpQueryParam(page=1, pageSize=10, name=, gender=null, begin=null, end=null)
2026-02-12 16:11:41.610 [SpringApplicationShutdownHook] INFO  o.s.boot.web.embedded.tomcat.GracefulShutdown-Commencing graceful shutdown. Waiting for active requests to complete
2026-02-12 16:11:41.655 [tomcat-shutdown] INFO  o.s.boot.web.embedded.tomcat.GracefulShutdown-Graceful shutdown complete
2026-02-12 16:11:41.678 [SpringApplicationShutdownHook] INFO  com.zaxxer.hikari.HikariDataSource-HikariPool-1 - Shutdown initiated...
2026-02-12 16:11:41.714 [SpringApplicationShutdownHook] INFO  com.zaxxer.hikari.HikariDataSource-HikariPool-1 - Shutdown completed.
